[101m](A) Database reference: UNP:P02185
M0 CA   24.404    9.859   -9.939
M0 CB   24.070   10.495   -8.596
V1 CA   27.263   11.924  -11.359
V1 CB   27.455   11.631  -12.878
L2 CA   28.797   15.269  -10.390
L2 CB   29.688   15.470   -9.152
S3 CA   29.898   17.894  -12.882
S3 CB   29.061   19.097  -13.312
E4 CA   33.489   19.212  -12.922
E4 CB   34.316   19.551  -14.178
G5 CA   32.118   22.472  -11.504
E6 CA   30.702   20.617   -8.498
E6 CB   29.510   19.648   -8.533
W7 CA   33.970   18.675   -7.985
W7 CB   34.672   17.733   -8.986
Q8 CA   35.856   21.987   -8.080
Q8 CB   35.893   22.989   -9.235
L9 CA   33.661   23.390   -5.284
L9 CB   32.141   23.586   -5.317
V10 CA   34.247   20.256   -3.195
V10 CB   33.821   18.826   -3.640
L11 CA   38.005   20.200   -3.741
L11 CB   38.690   19.677   -5.007
H12 CA   38.390   23.965   -3.145
H12 CB   37.650   25.092   -3.887
V13 CA   36.934   23.758    0.379
V13 CB   35.424   23.682    0.816
W14 CA   38.770   20.457    1.017
W14 CB   38.673   19.191    0.164
A15 CA   42.095   22.214    0.312
A15 CB   42.389   23.080   -0.896
K16 CA   41.345   24.400    3.376
K16 CB   40.146   25.350    3.539
V17 CA   40.473   21.367    5.522
V17 CB   39.496   20.242    5.116
E18 CA   43.904   19.940    4.618
E18 CB   44.327   19.461    3.235
A19 CA   45.686   22.946    6.169
A19 CB   45.259   24.418    6.110
D20 CA   44.693   21.368    9.492
D20 CB   44.157   22.490   10.403
V21 CA   43.597   17.741    9.183
V21 CB   44.360   16.610    8.409
A22 CA   43.871   16.937   12.907
A22 CB   45.154   16.940   13.734
G23 CA   41.882   19.978   14.035
H24 CA   39.059   19.308   11.561
H24 CB   39.138   19.392   10.037
G25 CA   39.014   15.593   12.468
Q26 CA   38.534   16.366   16.171
Q26 CB   39.448   17.215   17.054
D27 CA   35.721   18.874   15.540
D27 CB   35.820   20.133   14.669
I28 CA   33.906   16.477   13.242
I28 CB   34.446   15.993   11.846
L29 CA   34.118   13.441   15.571
L29 CB   35.359   12.614   15.898
I30 CA   33.178   15.463   18.644
I30 CB   33.974   16.652   19.250
R31 CA   30.191   16.862   16.720
R31 CB   30.274   17.644   15.403
L32 CA   29.229   13.303   15.710
L32 CB   30.107   12.321   14.912
F33 CA   29.574   11.902   19.263
F33 CB   30.905   11.724   19.981
K34 CA   27.645   14.757   20.863
K34 CB   28.086   16.223   20.966
S35 CA   24.834   14.759   18.309
S35 CB   24.960   15.191   16.854
H36 CA   24.534   10.971   18.219
H36 CB   24.470   10.443   16.774
P37 CA   26.053    9.339   21.363
P37 CB   25.321    9.652   22.666
E38 CA   25.099    5.847   20.204
E38 CB   23.779    5.401   19.539
T39 CA   27.898    6.075   17.627
T39 CB   28.123    7.196   16.564
L40 CA   30.572    6.385   20.345
L40 CB   30.499    7.330   21.554
E41 CA   29.857    2.786   21.382
E41 CB   28.461    2.190   21.522
K42 CA   31.421    1.522   18.136
K42 CB   31.007    1.987   16.739
F43 CA   34.832    2.864   19.120
F43 CB   35.153    4.340   18.865
D44 CA   36.281    0.599   21.794
D44 CB   36.725   -0.847   21.562
R45 CA   39.378    2.737   22.144
R45 CB   40.441    2.938   21.053
V46 CA   37.375    5.854   22.974
V46 CB   37.577    6.804   21.731
K47 CA   33.882    4.813   24.172
K47 CB   33.280    3.426   23.946
H48 CA   34.674    5.606   27.836
H48 CB   35.838    4.955   28.589
L49 CA   35.045    9.375   27.217
L49 CB   35.611   10.026   25.952
K50 CA   32.237   11.165   29.068
K50 CB   32.182   11.034   30.592
T51 CA   32.694   14.849   28.229
T51 CB   33.052   15.780   29.435
E52 CA   33.783   17.091   25.373
E52 CB   33.071   18.360   24.919
A53 CA   36.800   18.129   27.454
A53 CB   36.765   18.670   28.881
E54 CA   37.860   14.489   27.694
E54 CB   37.079   13.365   28.371
M55 CA   37.272   14.165   23.970
M55 CB   35.937   14.411   23.293
K56 CA   39.378   17.240   23.171
K56 CB   39.070   18.667   23.607
A57 CA   42.245   15.870   25.207
A57 CB   42.263   15.956   26.717
S58 CA   42.106   12.360   23.794
S58 CB   40.813   11.598   23.535
E59 CA   45.110   11.468   21.630
E59 CB   46.472   11.027   22.172
D60 CA   43.300    8.420   20.267
D60 CB   42.712    7.267   21.079
L61 CA   40.315   10.489   19.167
L61 CB   39.399   11.328   20.057
K62 CA   42.651   12.861   17.310
K62 CB   43.738   13.726   17.957
K63 CA   44.365    9.952   15.510
K63 CB   45.139    8.796   16.161
H64 CA   40.944    8.537   14.530
H64 CB   39.799    8.244   15.501
G65 CA   39.978   11.919   13.114
V66 CA   43.121   12.112   10.973
V66 CB   44.599   12.114   11.473
T67 CA   42.479    8.562    9.666
T67 CB   42.405    7.293   10.545
V68 CA   38.866    9.207    8.628
V68 CB   37.665    9.643    9.519
L69 CA   39.654   12.522    6.907
L69 CB   39.998   13.850    7.581
T70 CA   42.713   11.167    5.120
T70 CB   43.987   10.568    5.784
A71 CA   40.723    8.185    3.707
A71 CB   40.120    7.012    4.509
L72 CA   37.762   10.433    2.812
L72 CB   36.866   11.226    3.772
G73 CA   40.041   12.954    1.151
A74 CA   41.682   10.233   -0.967
A74 CB   42.388    9.006   -0.424
I75 CA   38.201    9.198   -2.121
I75 CB   37.102    8.619   -1.183
L76 CA   37.043   12.747   -2.960
L76 CB   36.881   13.902   -1.967
K77 CA   40.200   13.416   -4.971
K77 CB   41.607   13.447   -4.396
K78 CA   39.256   10.513   -7.302
K78 CB   38.948    9.074   -6.855
K79 CA   36.200   12.535   -8.398
K79 CB   36.732   13.474   -9.488
G80 CA   33.877    9.538   -8.600
H81 CA   36.424    6.948   -9.830
H81 CB   37.488    7.302  -10.869
H82 CA   36.763    5.425   -6.381
H82 CB   36.205    6.348   -5.294
E83 CA   35.699    1.797   -6.737
E83 CB   35.340    1.110   -8.066
A84 CA   39.162    0.519   -5.732
A84 CB   40.457    0.761   -6.482
E85 CA   39.296    2.714   -2.615
E85 CB   39.400    4.247   -2.620
L86 CA   35.787    1.702   -1.567
L86 CB   34.534    2.016   -2.390
K87 CA   36.268   -2.081   -1.510
K87 CB   36.927   -2.916   -2.610
P88 CA   38.532   -2.521    1.549
P88 CB   39.992   -2.080    1.495
L89 CA   36.583    0.254    3.280
L89 CB   36.372    1.625    2.653
A90 CA   33.192   -1.367    2.745
A90 CB   32.557   -1.585    1.375
Q91 CA   34.500   -4.730    3.927
Q91 CB   35.631   -5.558    3.314
S92 CA   35.897   -3.509    7.213
S92 CB   37.194   -2.742    7.481
H93 CA   32.830   -1.391    8.053
H93 CB   32.471   -0.025    7.495
A94 CA   30.336   -4.073    7.035
A94 CB   30.087   -4.497    5.597
T95 CA   32.072   -7.190    8.386
T95 CB   32.954   -8.061    7.466
K96 CA   34.454   -6.079   11.130
K96 CB   35.888   -5.612   10.898
H97 CA   32.960   -2.882   12.619
H97 CB   33.467   -1.491   12.230
K98 CA   29.296   -3.331   11.474
K98 CB   28.678   -4.327   12.447
I99 CA   28.442    0.291   10.773
I99 CB   29.561    1.257   10.300
P100 CA   24.920    0.922    9.510
P100 CB   23.738    0.925   10.494
I101 CA   24.424    3.358    6.599
I101 CB   23.487    3.124    5.362
K102 CA   22.502    5.598    9.034
K102 CB   21.533    5.024   10.082
Y103 CA   25.770    6.334   10.882
Y103 CB   26.632    5.325   11.640
L104 CA   27.444    7.353    7.598
L104 CB   27.647    6.465    6.369
E105 CA   24.583    9.832    7.142
E105 CB   23.096    9.507    7.144
F106 CA   25.255   11.114   10.696
F106 CB   25.234   10.287   11.985
I107 CA   28.968   11.707   10.027
I107 CB   30.134   10.663    9.904
S108 CA   28.047   13.363    6.693
S108 CB   27.082   12.802    5.652
E109 CA   25.931   15.835    8.659
E109 CB   24.769   15.399    9.554
A110 CA   28.823   16.443   11.075
A110 CB   29.494   15.379   11.961
I111 CA   31.192   17.159    8.161
I111 CB   31.555   16.179    7.013
I112 CA   28.832   19.645    6.544
I112 CB   27.467   19.295    5.938
H113 CA   28.230   21.342    9.908
H113 CB   27.730   20.650   11.178
V114 CA   31.931   21.791   10.611
V114 CB   32.920   20.662   10.987
L115 CA   32.835   23.092    7.122
L115 CB   32.666   22.375    5.781
H116 CA   29.968   25.515    7.403
H116 CB   28.511   25.146    7.646
S117 CA   31.319   26.838   10.732
S117 CB   31.411   26.060   12.046
R118 CA   35.002   27.048    9.883
R118 CB   35.956   25.877   10.095
H119 CA   34.776   27.995    6.215
H119 CB   35.322   26.881    5.307
P120 CA   31.752   30.293    5.690
P120 CB   31.416   31.353    6.755
G121 CA   33.482   32.098    2.826
N122 CA   34.224   28.896    0.881
N122 CB   35.603   28.215    0.956
F123 CA   31.031   27.091    1.861
F123 CB   31.233   26.291    3.167
G124 CA   28.066   29.008    0.499
A125 CA   24.917   27.259   -0.746
A125 CB   23.600   27.970   -1.090
D126 CA   26.388   26.088   -4.051
D126 CB   26.948   26.989   -5.153
A127 CA   29.495   24.603   -2.377
A127 CB   30.631   25.403   -1.677
Q128 CA   27.375   22.922    0.329
Q128 CB   26.479   23.596    1.390
G129 CA   25.088   21.443   -2.354
A130 CA   28.145   20.044   -4.156
A130 CB   29.268   20.869   -4.757
M131 CA   29.592   18.553   -0.926
M131 CB   30.018   19.379    0.312
N132 CA   26.253   16.967   -0.011
N132 CB   24.925   17.699    0.156
K133 CA   26.084   15.489   -3.538
K133 CB   26.057   16.345   -4.803
A134 CA   29.630   14.091   -3.218
A134 CB   30.910   14.939   -3.056
L135 CA   28.879   12.522    0.189
L135 CB   28.695   13.310    1.496
E136 CA   25.573   11.074   -1.066
E136 CB   24.414   11.828   -1.707
L137 CA   27.482    9.515   -4.002
L137 CB   28.393   10.273   -4.992
F138 CA   29.901    8.016   -1.440
F138 CB   30.706    8.854   -0.438
R139 CA   27.002    6.615    0.673
R139 CB   25.967    7.431    1.468
K140 CA   25.192    5.173   -2.374
K140 CB   24.790    5.986   -3.611
D141 CA   28.285    3.302   -3.582
D141 CB   29.519    3.943   -4.215
I142 CA   29.172    2.078   -0.082
I142 CB   29.456    2.930    1.190
A143 CA   25.639    0.732    0.505
A143 CB   24.379    1.531    0.717
A144 CA   25.681   -1.066   -2.853
A144 CB   25.962   -0.444   -4.200
K145 CA   28.961   -2.703   -1.733
K145 CB   30.280   -1.969   -1.501
Y146 CA   27.428   -3.564    1.666
Y146 CB   26.589   -2.598    2.503
K147 CA   24.702   -5.535   -0.111
K147 CB   23.851   -4.999   -1.248
E148 CA   27.194   -7.412   -2.326
E148 CB   28.203   -6.801   -3.310
L149 CA   29.106   -8.294    0.852
L149 CB   30.013   -7.299    1.577
G150 CA   26.003   -9.589    2.616
Y151 CA   25.428   -6.776    5.085
Y151 CB   26.624   -5.986    5.613
Q152 CA   23.594   -3.777    3.632
Q152 CB   22.653   -4.233    2.507
G153 CA   22.818   -2.798    7.211
